A new API key has been created for your application