<!doctype html>
<html lang="und" dir="auto" xmlns="http://www.w3.org/1999/xhtml" xmlns:v="urn:schemas-microsoft-com:vml" xmlns:o="urn:schemas-microsoft-com:office:office">

<head>
  <title>API Key Created</title>
  
  <meta http-equiv="X-UA-Compatible" content="IE=edge">
  
  <meta http-equiv="Content-Type" content="text/html; charset=UTF-8">
  <meta name="viewport" content="width=device-width, initial-scale=1">
  <style type="text/css">
    #outlook a {
      padding: 0;
    }

    body {
      margin: 0;
      padding: 0;
      -webkit-text-size-adjust: 100%;
      -ms-text-size-adjust: 100%;
    }

    table,
    td {
      border-collapse: collapse;
      mso-table-lspace: 0pt;
      mso-table-rspace: 0pt;
    }

    img {
      border: 0;
      height: auto;
      line-height: 100%;
      outline: none;
      text-decoration: none;
      -ms-interpolation-mode: bicubic;
    }

    p {
      display: block;
      margin: 13px 0;
    }

  </style>
  
  
  
  <link href="https://fonts.googleapis.com/css?family=Lato" rel="stylesheet" type="text/css">
  <style type="text/css">
    @import url(https://fonts.googleapis.com/css?family=Lato);

  </style>
  
  <style type="text/css">
    @media only screen and (min-width:480px) {
      .mj-column-per-100 {
        width: 100% !important;
        max-width: 100%;
      }
    }

  </style>
  <style media="screen and (min-width:480px)">
    .moz-text-html .mj-column-per-100 {
      width: 100% !important;
      max-width: 100%;
    }

  </style>
  <style type="text/css">
    @media only screen and (max-width:479px) {
      table.mj-full-width-mobile {
        width: 100% !important;
      }

      td.mj-full-width-mobile {
        width: auto !important;
      }
    }

  </style>
  <style type="text/css">
    code {
      padding: .2em .4em;
      margin: 0;
      font-size: 85%;
      background-color: #E7E7E7;
      border-radius: 6px;
    }

  </style>
</head>

<body style="word-spacing:normal;background-color:#E7E7E7;">
  <div style="display:none;font-size:1px;color:#ffffff;line-height:1px;max-height:0px;max-width:0px;opacity:0;overflow:hidden;">A new API key has just been created for your application "foo-app".</div>
  <div style="background-color:#E7E7E7;" lang="und" dir="auto">
    <table align="center" border="0" cellpadding="0" cellspacing="0" role="presentation" style="background:#ffffff;background-color:#ffffff;width:100%;">
      <tbody>
        <tr>
          <td>
            
            <div style="margin:0px auto;max-width:600px;">
              <table align="center" border="0" cellpadding="0" cellspacing="0" role="presentation" style="width:100%;">
                <tbody>
                  <tr>
                    <td style="direction:ltr;font-size:0px;padding:20px 0;padding-bottom:0;text-align:center;">
                      
                      <div class="mj-column-per-100 mj-outlook-group-fix" style="font-size:0px;text-align:left;direction:ltr;display:inline-block;vertical-align:top;width:100%;">
                        <table border="0" cellpadding="0" cellspacing="0" role="presentation" style="vertical-align:top;" width="100%">
                          <tbody>
                            <tr>
                              <td align="center" style="font-size:0px;padding:10px 25px;padding-bottom:30px;word-break:break-word;">
                                <table border="0" cellpadding="0" cellspacing="0" role="presentation" style="border-collapse:collapse;border-spacing:0px;">
                                  <tbody>
                                    <tr>
                                      <td style="width:150px;">
                                        <img alt="The Things Network" src="https://assets.cloud.thethings.network/branding/email-logo.png" style="border:0;display:block;outline:none;text-decoration:none;height:150px;width:100%;font-size:13px;" width="150" height="150">
                                      </td>
                                    </tr>
                                  </tbody>
                                </table>
                              </td>
                            </tr>
                            <tr>
                              <td align="center" class="header-image" style="height: 100px; background: #2381FF; font-size: 0px; padding: 0; word-break: break-word;" height="100">
                                <table border="0" cellpadding="0" cellspacing="0" role="presentation" style="border-collapse:collapse;border-spacing:0px;">
                                  <tbody>
                                    <tr>
                                      <td style="width:600px;">
                                        <a href="https://console.cloud.thethings.network/applications/foo-app/api-keys/TEST" target="_blank">
                                          <img alt src="https://assets.cloud.thethings.network/email-header.png" style="border:0;display:block;outline:none;text-decoration:none;height:auto;width:100%;font-size:13px;" width="600" height="auto">
                                        </a>
                                      </td>
                                    </tr>
                                  </tbody>
                                </table>
                              </td>
                            </tr>
                          </tbody>
                        </table>
                      </div>
                      
                    </td>
                  </tr>
                </tbody>
              </table>
            </div>
            
          </td>
        </tr>
      </tbody>
    </table>
    
    <div class="body-section" style="-webkit-box-shadow: 1px 4px 11px 0px rgba(0, 0, 0, 0.15); -moz-box-shadow: 1px 4px 11px 0px rgba(0, 0, 0, 0.15); box-shadow: 1px 4px 11px 0px rgba(0, 0, 0, 0.15); margin: 0px auto; max-width: 600px;">
      <table align="center" border="0" cellpadding="0" cellspacing="0" role="presentation" style="width:100%;">
        <tbody>
          <tr>
            <td style="direction:ltr;font-size:0px;padding:20px 0;padding-bottom:0;padding-top:0;text-align:center;">
              
              <div style="background:#ffffff;background-color:#ffffff;margin:0px auto;max-width:600px;">
                <table align="center" border="0" cellpadding="0" cellspacing="0" role="presentation" style="background:#ffffff;background-color:#ffffff;width:100%;">
                  <tbody>
                    <tr>
                      <td style="direction:ltr;font-size:0px;padding:20px 0;padding-left:15px;padding-right:15px;text-align:center;">
                        
                        <div class="mj-column-per-100 mj-outlook-group-fix" style="font-size:0px;text-align:left;direction:ltr;display:inline-block;vertical-align:top;width:100%;">
                          <table border="0" cellpadding="0" cellspacing="0" role="presentation" style="vertical-align:top;" width="100%">
                            <tbody>
                              <tr>
                                <td align="left" style="font-size:0px;padding:10px 25px;word-break:break-word;">
                                  <div style="font-family:Lato, 'Helvetica Neue', Helvetica, Arial, sans-serif;font-size:16px;font-weight:400;line-height:24px;text-align:left;color:#000000;"><p>
Dear John Doe,
</p>
<p>
A new API key has just been created for your application <code>foo-app</code> on <b>The Things Network</b>.
</p>
<p>
<b>API Key ID:</b> <code>TEST</code>
</p>
<b>API Key Name:</b> API Key Name
<p>
<p>
<b>Rights:</b>
<ul>

<li><code>RIGHT_APPLICATION_INFO</code><br> <em>view application information</em></li>
<li><code>RIGHT_APPLICATION_SETTINGS_BASIC</code><br> <em>edit basic application settings</em></li>
<li><code>RIGHT_APPLICATION_DEVICES_READ</code><br> <em>view devices in application</em></li>
<li><code>RIGHT_APPLICATION_TRAFFIC_READ</code><br> <em>read application traffic (uplink and downlink)</em></li>
</ul>
</p>
<p>
You can view and edit this API key <a href="https://console.cloud.thethings.network/applications/foo-app/api-keys/TEST">in the Console</a>.
</p></div>
                                </td>
                              </tr>
                            </tbody>
                          </table>
                        </div>
                        
                      </td>
                    </tr>
                  </tbody>
                </table>
              </div>
              
            </td>
          </tr>
        </tbody>
      </table>
    </div>
    
    <table align="center" border="0" cellpadding="0" cellspacing="0" role="presentation" style="width:100%;">
      <tbody>
        <tr>
          <td>
            
            <div style="margin:0px auto;max-width:600px;">
              <table align="center" border="0" cellpadding="0" cellspacing="0" role="presentation" style="width:100%;">
                <tbody>
                  <tr>
                    <td style="direction:ltr;font-size:0px;padding:20px 0;padding-bottom:0;text-align:center;">
                      
                      <div class="mj-column-per-100 mj-outlook-group-fix" style="font-size:0px;text-align:left;direction:ltr;display:inline-block;vertical-align:top;width:100%;">
                        <table border="0" cellpadding="0" cellspacing="0" role="presentation" style="vertical-align:top;" width="100%">
                          <tbody>
                            <tr>
                              <td align="center" style="font-size:0px;padding:10px 25px;word-break:break-word;">
                                <div style="font-family:Lato, 'Helvetica Neue', Helvetica, Arial, sans-serif;font-size:11px;font-weight:bold;line-height:24px;text-align:center;color:#292929;">The Things Network is powered by <a class="footer-link" href="https://www.thethingsindustries.com/stack/" style="color: #292929;">The&nbsp;Things&nbsp;Stack</a></div>
                              </td>
                            </tr>
                            <tr>
                              <td align="center" style="font-size:0px;padding:10px 25px;word-break:break-word;">
                                <div style="font-family:Lato, 'Helvetica Neue', Helvetica, Arial, sans-serif;font-size:11px;font-weight:400;line-height:24px;text-align:center;color:#292929;"><a class="footer-link" href="https://console.cloud.thethings.network" style="color: #292929;">Console</a> &nbsp;&nbsp;|&nbsp;&nbsp; <a class="footer-link" href="https://eu1.cloud.thethings.network/oauth" style="color: #292929;">Account</a> &nbsp;&nbsp;|&nbsp;&nbsp; <a class="footer-link" href="https://www.thethingsindustries.com/docs/" style="color: #292929;">Documentation</a></div>
                              </td>
                            </tr>
                          </tbody>
                        </table>
                      </div>
                      
                    </td>
                  </tr>
                </tbody>
              </table>
            </div>
            
          </td>
        </tr>
      </tbody>
    </table>
  </div>
</body>

</html>
