A collaborator of your application has been changed