Your password on The Things Network has been changed