Dear John Doe,

The password of your user "foo-usr" on The Things Network has just been changed.

If this was not done by you, please contact your administrators as soon as possible.
