A new user has requested to join The Things Network