Please confirm your email address for The Things Network