Hello,

Please confirm your email address for The Things Network.

Your email address will be linked to user "foo-usr".

You can go to https://eu1.cloud.thethings.network/oauth/validate?reference=ID&token=TOKEN to confirm your email address.
Alternatively, you can use the reference "ID" and confirmation token "TOKEN" directly.

The confirmation token expires an hour from now, so if you don't confirm your email address before then, you'll have to request a new confirmation if you still want to confirm your email address.
